------------------------------------------------------------
Timing Analyzer Summary
------------------------------------------------------------

Type  : Slow 1200mV 85C Model Setup 'Clk'
Slack : -106.073
TNS   : -854.453

Type  : Slow 1200mV 85C Model Hold 'Clk'
Slack : 0.402
TNS   : 0.000

Type  : Slow 1200mV 85C Model Recovery 'Clk'
Slack : 13.827
TNS   : 0.000

Type  : Slow 1200mV 85C Model Removal 'Clk'
Slack : 3.955
TNS   : 0.000

Type  : Slow 1200mV 85C Model Minimum Pulse Width 'Clk'
Slack : 9.578
TNS   : 0.000

Type  : Slow 1200mV 0C Model Setup 'Clk'
Slack : -93.972
TNS   : -736.128

Type  : Slow 1200mV 0C Model Hold 'Clk'
Slack : 0.354
TNS   : 0.000

Type  : Slow 1200mV 0C Model Recovery 'Clk'
Slack : 14.443
TNS   : 0.000

Type  : Slow 1200mV 0C Model Removal 'Clk'
Slack : 3.620
TNS   : 0.000

Type  : Slow 1200mV 0C Model Minimum Pulse Width 'Clk'
Slack : 9.528
TNS   : 0.000

Type  : Fast 1200mV 0C Model Setup 'Clk'
Slack : -43.673
TNS   : -339.976

Type  : Fast 1200mV 0C Model Hold 'Clk'
Slack : 0.181
TNS   : 0.000

Type  : Fast 1200mV 0C Model Recovery 'Clk'
Slack : 16.637
TNS   : 0.000

Type  : Fast 1200mV 0C Model Removal 'Clk'
Slack : 1.990
TNS   : 0.000

Type  : Fast 1200mV 0C Model Minimum Pulse Width 'Clk'
Slack : 9.217
TNS   : 0.000

------------------------------------------------------------
